===========================================================
DAY12 -> populate_ratios GAPS
===========================================================
GAP: financial_ratios row count = 1041, target >= 1100
CATEGORY: data source issue
DETAIL: 15 (company_id, year) pairs missing from balancesheet, 17 missing from
cashflow — concentrated in SBIN and HAL. Root cause not fixable without access
to corrected source files. No interpolation or estimation was applied.

GAP: capex_cr column is NULL for all rows
CATEGORY: data source issue
DETAIL: No dedicated CapEx column exists in cashflow or any other table.
investing_activity was considered as a proxy but rejected — it includes
non-CapEx items (asset sales, investment changes) and would misrepresent
actual capital expenditure. Requires a new data source to compute correctly.

GAP: book_value_per_share is NULL for all rows
CATEGORY: data source issue
DETAIL: Requires shares-outstanding data, which does not exist in any of the
12 source tables. Mathematically uncomputable from available data.

GAP: composite_quality_score is NULL for all rows
CATEGORY: formula undefined
DETAIL: Sprint 2 spec references this column but does not define its formula
or weighting methodology. Left unpopulated pending team decision, rather
than shipping an unvalidated custom formula as if authoritative.


============================================================
DAY 13 - ROE/ROCE CROSS-CHECK ANOMALIES
============================================================
ADANIENT | ROE | computed=8.53% source=13.64% diff=5.11pp | category: formula discrepancy (methodology difference, plausible)
ADANIPOWER | ROE | computed=48.28% source=57.1% diff=8.82pp | category: formula discrepancy (methodology difference, plausible)
BAJAJFINSV | ROE | computed=25.85% source=11.72% diff=14.13pp | category: formula discrepancy (methodology difference, plausible)
BEL | ROE | computed=4744.05% source=26.3% diff=4717.75pp | category: likely calculation artifact (denominator near zero - verify equity_capital+reserves for this company-year)
BPCL | ROE | computed=35.51% source=41.9% diff=6.39pp | category: formula discrepancy (methodology difference, plausible)
COALINDIA | ROE | computed=45.17% source=52.0% diff=6.83pp | category: formula discrepancy (methodology difference, plausible)
GODREJCP | ROE | computed=-4.45% source=6.77% diff=11.22pp | category: formula discrepancy (methodology difference, plausible)
HAL | ROE | computed=3816.58% source=28.9% diff=3787.68pp | category: likely calculation artifact (denominator near zero - verify equity_capital+reserves for this company-year)
IRCTC | ROE | computed=34.4% source=40.4% diff=6.0pp | category: formula discrepancy (methodology difference, plausible)
LICI | ROE | computed=49.45% source=63.61% diff=14.16pp | category: formula discrepancy (methodology difference, plausible)
LT | ROE | computed=77.67% source=10.49% diff=67.18pp | category: large discrepancy - requires manual review, not confirmed as begin formula difference
NESTLEIND | ROE | computed=117.75% source=135.61% diff=17.86pp | category: formula discrepancy (methodology difference, plausible)
PFC | ROE | computed=26.16% source=19.49% diff=6.67pp | category: formula discrepancy (methodology difference, plausible)
PNB | ROE | computed=61.32% source=8.7% diff=52.62pp | category: large discrepancy - requires manual review, not confirmed as begin formula difference
TATAMOTORS | ROE | computed=37.46% source=49.4% diff=11.94pp | category: formula discrepancy (methodology difference, plausible)
TATASTEEL | ROE | computed=-5.33% source=6.55% diff=11.88pp | category: formula discrepancy (methodology difference, plausible)
TCS | ROE | computed=50.94% source=0.52% diff=50.42pp | category: data source issue (source value implausibly near zero)
TRENT | ROE | computed=36.31% source=27.2% diff=9.11pp | category: formula discrepancy (methodology difference, plausible)
